Archive member included because of file (symbol)

C:\CSR_uEnergy_SDK-2.3.0.31\tools\lib\CSR101x_A05\libgatt_lib_ram.a(ls_app_if_ram.o)
                              depend_Debug_CSR101x_A05\gatt_access.o (LsReadTransmitPowerLevel)
C:\CSR_uEnergy_SDK-2.3.0.31\tools\lib\CSR101x_A05\libgatt_lib_ram.a(gatt_ram.o)
                              depend_Debug_CSR101x_A05\gatt_server.o (GattInit)
C:\CSR_uEnergy_SDK-2.3.0.31\tools\lib\CSR101x_A05\libgatt_lib_ram.a(patch_gatt.o)
                              depend_Debug_CSR101x_A05\gatt_access.o (GattCancelConnectReq)
C:\CSR_uEnergy_SDK-2.3.0.31\tools\lib\CSR101x_A05\libgatt_lib_ram.a(sm_pair_auth.o)
                              depend_Debug_CSR101x_A05\gatt_server.o (SMPairingAuthRsp)
C:\CSR_uEnergy_SDK-2.3.0.31\tools\lib\CSR101x_A05\libgatt_lib_ram.a(sm_ram.o)
                              C:\CSR_uEnergy_SDK-2.3.0.31\tools\lib\CSR101x_A05\libgatt_lib_ram.a(gatt_ram.o) (___libgatt_lib_db_476)
C:\CSR_uEnergy_SDK-2.3.0.31\tools\lib\CSR101x_A05\libgatt_lib_ram.a(sm_div.o)
                              depend_Debug_CSR101x_A05\gatt_server.o (SMDivApproval)
C:\CSR_uEnergy_SDK-2.3.0.31\tools\lib\CSR101x_A05\libgatt_lib_ram.a(patch_sm.o)
                              C:\CSR_uEnergy_SDK-2.3.0.31\tools\lib\CSR101x_A05\libgatt_lib_ram.a(sm_ram.o) (sm_pairing_auth_ind)
C:\CSR_uEnergy_SDK-2.3.0.31\tools\lib\CSR101x_A05\libgatt_lib_ram.a(debug.o)
                              depend_Debug_CSR101x_A05\gatt_server.o (DebugWriteString)
C:\CSR_uEnergy_SDK-2.3.0.31\tools\lib\CSR101x_A05\libgatt_lib_ram.a(patch_george.o)
                              C:\CSR_uEnergy_SDK-2.3.0.31\tools\lib\CSR101x_A05\libgatt_lib_ram.a(ls_app_if_ram.o) (___libgatt_lib_db_4595)
C:\CSR_uEnergy_SDK-2.3.0.31\tools\lib\CSR101x_A05\libgatt_lib_ram.a(patch_george_ll.o)
                              C:\CSR_uEnergy_SDK-2.3.0.31\tools\lib\CSR101x_A05\libgatt_lib_ram.a(patch_george.o) (___libgatt_lib_db_4608)
C:\CSR_uEnergy_SDK-2.3.0.31\tools\lib\CSR101x_A05\libgatt_lib_ram.a(patch_dbase.o)
                              C:\CSR_uEnergy_SDK-2.3.0.31\tools\lib\CSR101x_A05\libgatt_lib_ram.a(patch_george.o) (___libgatt_lib_db_4619)
C:\CSR_uEnergy_SDK-2.3.0.31\tools\lib\CSR101x_A05\libgatt_lib_ram.a(hal_debugbus_state.o)
                              C:\CSR_uEnergy_SDK-2.3.0.31\tools\lib\CSR101x_A05\libgatt_lib_ram.a(patch_george_ll.o) (___libgatt_lib_db_4640)
C:\CSR_uEnergy_SDK-2.3.0.31\tools\lib\CSR101x_A05\libgatt_lib_ram.a(patch_halradiotrim.o)
                              C:\CSR_uEnergy_SDK-2.3.0.31\tools\lib\CSR101x_A05\libgatt_lib_ram.a(ls_app_if_ram.o) (___libgatt_lib_db_4645)
C:\CSR_uEnergy_SDK-2.3.0.31\tools\lib\CSR101x_A05\libgatt_lib_ram.a(main_ram.o)
                              (main_ram_app_init)
C:\CSR_uEnergy_SDK-2.3.0.31\tools\lib\CSR101x_A05\libgatt_lib_ram.a(hw_patch_install.o)
                              C:\CSR_uEnergy_SDK-2.3.0.31\tools\lib\CSR101x_A05\libgatt_lib_ram.a(main_ram.o) (___libgatt_lib_db_4364)
C:\CSR_uEnergy_SDK-2.3.0.31\tools\lib\CSR101x_A05\libgatt_lib_ram.a(patch_baldrick.o)
                              (hw_patch)
C:\CSR_uEnergy_SDK-2.3.0.31\tools\lib\CSR101x_A05\libgatt_lib_ram.a(patch_i2c_app_mem_mgr.o)
                              depend_Debug_CSR101x_A05\gatt_server.o (NvmConfigureI2cEeprom)
C:\CSR_uEnergy_SDK-2.3.0.31\tools\lib\CSR101x_A05\libgatt_lib_ram.a(robs_pio_ram.o)
                              depend_Debug_CSR101x_A05\gap_service.o (PioSetMode)
C:\CSR_uEnergy_SDK-2.3.0.31\tools\lib\CSR101x_A05\libgatt_lib_ram.a(id_ram.o)
                              C:\CSR_uEnergy_SDK-2.3.0.31\tools\lib\CSR101x_A05\libgatt_lib_ram.a(patch_george_ll.o) (IdGetLlVerBtle)
C:\CSR_uEnergy_SDK-2.3.0.31\tools\lib\CSR101x_A05\libgatt_lib_ram.a(slut.o)
                              (slut)
C:\CSR_uEnergy_SDK-2.3.0.31\tools\lib\CSR101x_A05\libgatt_lib_ram.a(sw_patch_ram.o)
                              (patch_bitmap)
C:\CSR_uEnergy_SDK-2.3.0.31\tools\lib\CSR101x_A05\libgatt_lib_ram.a(CONFIG_STORE.o)
                              (___libgatt_lib_db_4269)
C:\CSR_uEnergy_SDK-2.3.0.31\tools\lib\CSR101x_A05\libgatt_lib_ram.a(.romradiodata.o)
                              (DATA_TIMERSTRUCT_START)
C:\CSR_uEnergy_SDK-2.3.0.31\tools\lib\CSR101x_A05\libgatt_lib_ram.a(patch_ls_app_if.o)
                              C:\CSR_uEnergy_SDK-2.3.0.31\tools\lib\CSR101x_A05\libgatt_lib_ram.a(gatt_ram.o) (___libgatt_lib_db_4554)
C:\CSR_uEnergy_SDK-2.3.0.31\tools\lib\CSR101x_A05\libgatt_lib_ram.a(patch_ls_advertising_if.o)
                              C:\CSR_uEnergy_SDK-2.3.0.31\tools\lib\CSR101x_A05\libgatt_lib_ram.a(patch_gatt.o) (___libgatt_lib_db_4563)
C:\CSR_uEnergy_SDK-2.3.0.31\tools\lib\CSR101x_A05\libgatt_lib_ram.a(patch_ls_l2cap_if.o)
                              C:\CSR_uEnergy_SDK-2.3.0.31\tools\lib\CSR101x_A05\libgatt_lib_ram.a(sw_patch_ram.o) (___libgatt_lib_db_4565)
C:\CSR_uEnergy_SDK-2.3.0.31\tools\lib\CSR101x_A05\libgatt_lib_ram.a(patch_att_install.o)
                              C:\CSR_uEnergy_SDK-2.3.0.31\tools\lib\CSR101x_A05\libgatt_lib_ram.a(sw_patch_ram.o) (___libgatt_lib_db_4567)
C:\CSR_uEnergy_SDK-2.3.0.31\tools\lib\CSR101x_A05\libgatt_lib_ram.a(patch_george_adv.o)
                              C:\CSR_uEnergy_SDK-2.3.0.31\tools\lib\CSR101x_A05\libgatt_lib_ram.a(sw_patch_ram.o) (___libgatt_lib_db_4615)
C:\CSR_uEnergy_SDK-2.3.0.31\tools\lib\CSR101x_A05\libgatt_lib_ram.a(patch_halradio.o)
                              C:\CSR_uEnergy_SDK-2.3.0.31\tools\lib\CSR101x_A05\libgatt_lib_ram.a(sw_patch_ram.o) (___libgatt_lib_db_4652)
C:\CSR_uEnergy_SDK-2.3.0.31\tools\lib\CSR101x_A05\libgatt_lib_ram.a(patch_timer.o)
                              C:\CSR_uEnergy_SDK-2.3.0.31\tools\lib\CSR101x_A05\libgatt_lib_ram.a(sw_patch_ram.o) (___libgatt_lib_db_4654)
C:\CSR_uEnergy_SDK-2.3.0.31\tools\lib\CSR101x_A05\libgatt_lib_ram.a(patch_reset.o)
                              C:\CSR_uEnergy_SDK-2.3.0.31\tools\lib\CSR101x_A05\libgatt_lib_ram.a(sw_patch_ram.o) (___libgatt_lib_db_4207)
C:\CSR_uEnergy_SDK-2.3.0.31\tools\lib\CSR101x_A05\libgatt_lib_ram.a(patch_pools.o)
                              C:\CSR_uEnergy_SDK-2.3.0.31\tools\lib\CSR101x_A05\libgatt_lib_ram.a(sw_patch_ram.o) (___libgatt_lib_db_4657)
C:\CSR_uEnergy_SDK-2.3.0.31\tools\lib\CSR101x_A05\libgatt_lib_ram.a(patch_background_loop.o)
                              C:\CSR_uEnergy_SDK-2.3.0.31\tools\lib\CSR101x_A05\libgatt_lib_ram.a(sw_patch_ram.o) (___libgatt_lib_db_4660)
C:\CSR_uEnergy_SDK-2.3.0.31\tools\lib\CSR101x_A05\libgatt_lib_ram.a(patch_fault.o)
                              C:\CSR_uEnergy_SDK-2.3.0.31\tools\lib\CSR101x_A05\libgatt_lib_ram.a(sw_patch_ram.o) (___libgatt_lib_db_4662)
C:\CSR_uEnergy_SDK-2.3.0.31\tools\lib\CSR101x_A05\libgatt_lib_ram.a(patch_pmu.o)
                              C:\CSR_uEnergy_SDK-2.3.0.31\tools\lib\CSR101x_A05\libgatt_lib_ram.a(sw_patch_ram.o) (___libgatt_lib_db_4670)
C:\CSR_uEnergy_SDK-2.3.0.31\tools\lib\CSR101x_A05\libgatt_lib_ram.a(patch_thermometer.o)
                              C:\CSR_uEnergy_SDK-2.3.0.31\tools\lib\CSR101x_A05\libgatt_lib_ram.a(sw_patch_ram.o) (___libgatt_lib_db_4214)

Allocating common symbols
Common symbol       size              file

pairing_req_instance
                    0x1               C:\CSR_uEnergy_SDK-2.3.0.31\tools\lib\CSR101x_A05\libgatt_lib_ram.a(sm_pair_auth.o)
sm_long_term_key_ind
                    0x1               C:\CSR_uEnergy_SDK-2.3.0.31\tools\lib\CSR101x_A05\libgatt_lib_ram.a(patch_sm.o)
sm_pairing_auth_ind
                    0x1               C:\CSR_uEnergy_SDK-2.3.0.31\tools\lib\CSR101x_A05\libgatt_lib_ram.a(patch_sm.o)
enable_lowduty_directed_adv
                    0x1               C:\CSR_uEnergy_SDK-2.3.0.31\tools\lib\CSR101x_A05\libgatt_lib_ram.a(patch_george.o)
george_earliest_transmit_offset
                    0x3               C:\CSR_uEnergy_SDK-2.3.0.31\tools\lib\CSR101x_A05\libgatt_lib_ram.a(patch_george_ll.o)

Discarded input sections

 .text          0x00000000        0x0 depend_Debug_CSR101x_A05\app_gatt_db.o
 .data          0x00000000        0x0 depend_Debug_CSR101x_A05\app_gatt_db.o
 .bss           0x00000000        0x0 depend_Debug_CSR101x_A05\app_gatt_db.o
 .text          0x00000000        0x0 depend_Debug_CSR101x_A05\battery_service.o
 .data          0x00000000        0x0 depend_Debug_CSR101x_A05\battery_service.o
 .bss           0x00000000        0x0 depend_Debug_CSR101x_A05\battery_service.o
 .text          0x00000000        0x0 depend_Debug_CSR101x_A05\buzzer.o
 .data          0x00000000        0x0 depend_Debug_CSR101x_A05\buzzer.o
 .bss           0x00000000        0x0 depend_Debug_CSR101x_A05\buzzer.o
 .text          0x00000000        0x0 depend_Debug_CSR101x_A05\gap_service.o
 .data          0x00000000        0x0 depend_Debug_CSR101x_A05\gap_service.o
 .bss           0x00000000        0x0 depend_Debug_CSR101x_A05\gap_service.o
 .text          0x00000000        0x0 depend_Debug_CSR101x_A05\nvm_access.o
 .data          0x00000000        0x0 depend_Debug_CSR101x_A05\nvm_access.o
 .bss           0x00000000        0x0 depend_Debug_CSR101x_A05\nvm_access.o
 .text          0x00000000        0x0 depend_Debug_CSR101x_A05\dev_info_service.o
 .data          0x00000000        0x0 depend_Debug_CSR101x_A05\dev_info_service.o
 .bss           0x00000000        0x0 depend_Debug_CSR101x_A05\dev_info_service.o
 .text          0x00000000        0x0 depend_Debug_CSR101x_A05\gatt_access.o
 .data          0x00000000        0x0 depend_Debug_CSR101x_A05\gatt_access.o
 .bss           0x00000000        0x0 depend_Debug_CSR101x_A05\gatt_access.o
 .text          0x00000000        0x0 depend_Debug_CSR101x_A05\hw_access.o
 .data          0x00000000        0x0 depend_Debug_CSR101x_A05\hw_access.o
 .bss           0x00000000        0x0 depend_Debug_CSR101x_A05\hw_access.o
 .text          0x00000000        0x0 depend_Debug_CSR101x_A05\gatt_server.o
 .data          0x00000000        0x0 depend_Debug_CSR101x_A05\gatt_server.o
 .bss           0x00000000        0x0 depend_Debug_CSR101x_A05\gatt_server.o
 .text.GetConnectionID
                0x00000000        0x0 depend_Debug_CSR101x_A05\gatt_server.o
 .text          0x00000000        0x0 depend_Debug_CSR101x_A05\debug_interface.o
 .data          0x00000000        0x0 depend_Debug_CSR101x_A05\debug_interface.o
 .bss           0x00000000        0x0 depend_Debug_CSR101x_A05\debug_interface.o
 .text.itoa     0x00000000        0x0 depend_Debug_CSR101x_A05\debug_interface.o
 .rodata        0x00000000        0x0 depend_Debug_CSR101x_A05\debug_interface.o
 .text.DebugIfWriteBdAddress
                0x00000000        0x0 depend_Debug_CSR101x_A05\debug_interface.o
 .text.DebugIfWriteInt
                0x00000000        0x0 depend_Debug_CSR101x_A05\debug_interface.o
 .text.DebugIfWriteUuid128
                0x00000000        0x0 depend_Debug_CSR101x_A05\debug_interface.o
 .text          0x00000000        0x0 C:\CSR_uEnergy_SDK-2.3.0.31\tools\lib\CSR101x_A05\libgatt_lib_ram.a(ls_app_if_ram.o)
 .data          0x00000000        0x0 C:\CSR_uEnergy_SDK-2.3.0.31\tools\lib\CSR101x_A05\libgatt_lib_ram.a(ls_app_if_ram.o)
 .bss           0x00000000        0x0 C:\CSR_uEnergy_SDK-2.3.0.31\tools\lib\CSR101x_A05\libgatt_lib_ram.a(ls_app_if_ram.o)
 .text.LsDisableSlaveLatency
                0x00000000        0x0 C:\CSR_uEnergy_SDK-2.3.0.31\tools\lib\CSR101x_A05\libgatt_lib_ram.a(ls_app_if_ram.o)
 .text.LsSetTransmitPowerLevel
                0x00000000        0x0 C:\CSR_uEnergy_SDK-2.3.0.31\tools\lib\CSR101x_A05\libgatt_lib_ram.a(ls_app_if_ram.o)
 .text          0x00000000        0x0 C:\CSR_uEnergy_SDK-2.3.0.31\tools\lib\CSR101x_A05\libgatt_lib_ram.a(gatt_ram.o)
 .data          0x00000000        0x0 C:\CSR_uEnergy_SDK-2.3.0.31\tools\lib\CSR101x_A05\libgatt_lib_ram.a(gatt_ram.o)
 .bss           0x00000000        0x0 C:\CSR_uEnergy_SDK-2.3.0.31\tools\lib\CSR101x_A05\libgatt_lib_ram.a(gatt_ram.o)
 .text          0x00000000        0x0 C:\CSR_uEnergy_SDK-2.3.0.31\tools\lib\CSR101x_A05\libgatt_lib_ram.a(patch_gatt.o)
 .data          0x00000000        0x0 C:\CSR_uEnergy_SDK-2.3.0.31\tools\lib\CSR101x_A05\libgatt_lib_ram.a(patch_gatt.o)
 .bss           0x00000000        0x0 C:\CSR_uEnergy_SDK-2.3.0.31\tools\lib\CSR101x_A05\libgatt_lib_ram.a(patch_gatt.o)
 .data          0x00000000        0x0 C:\CSR_uEnergy_SDK-2.3.0.31\tools\lib\CSR101x_A05\libgatt_lib_ram.a(sm_pair_auth.o)
 .data          0x00000000        0x0 C:\CSR_uEnergy_SDK-2.3.0.31\tools\lib\CSR101x_A05\libgatt_lib_ram.a(sm_ram.o)
 .bss           0x00000000        0x0 C:\CSR_uEnergy_SDK-2.3.0.31\tools\lib\CSR101x_A05\libgatt_lib_ram.a(sm_ram.o)
 .data          0x00000000        0x0 C:\CSR_uEnergy_SDK-2.3.0.31\tools\lib\CSR101x_A05\libgatt_lib_ram.a(sm_div.o)
 .bss           0x00000000        0x0 C:\CSR_uEnergy_SDK-2.3.0.31\tools\lib\CSR101x_A05\libgatt_lib_ram.a(sm_div.o)
 .data          0x00000000        0x0 C:\CSR_uEnergy_SDK-2.3.0.31\tools\lib\CSR101x_A05\libgatt_lib_ram.a(patch_sm.o)
 .text          0x00000000        0x0 C:\CSR_uEnergy_SDK-2.3.0.31\tools\lib\CSR101x_A05\libgatt_lib_ram.a(debug.o)
 .data          0x00000000        0x0 C:\CSR_uEnergy_SDK-2.3.0.31\tools\lib\CSR101x_A05\libgatt_lib_ram.a(debug.o)
 .bss           0x00000000        0x0 C:\CSR_uEnergy_SDK-2.3.0.31\tools\lib\CSR101x_A05\libgatt_lib_ram.a(debug.o)
 .text.write_uint_n
                0x00000000        0x0 C:\CSR_uEnergy_SDK-2.3.0.31\tools\lib\CSR101x_A05\libgatt_lib_ram.a(debug.o)
 .text.DebugWriteTime48
                0x00000000        0x0 C:\CSR_uEnergy_SDK-2.3.0.31\tools\lib\CSR101x_A05\libgatt_lib_ram.a(debug.o)
 .text.DebugWriteUint32
                0x00000000        0x0 C:\CSR_uEnergy_SDK-2.3.0.31\tools\lib\CSR101x_A05\libgatt_lib_ram.a(debug.o)
 .text.DebugWriteUint16
                0x00000000        0x0 C:\CSR_uEnergy_SDK-2.3.0.31\tools\lib\CSR101x_A05\libgatt_lib_ram.a(debug.o)
 .text.DebugWriteUint8
                0x00000000        0x0 C:\CSR_uEnergy_SDK-2.3.0.31\tools\lib\CSR101x_A05\libgatt_lib_ram.a(debug.o)
 .text.DebugWriteChar
                0x00000000        0x0 C:\CSR_uEnergy_SDK-2.3.0.31\tools\lib\CSR101x_A05\libgatt_lib_ram.a(debug.o)
 .text          0x00000000        0x0 C:\CSR_uEnergy_SDK-2.3.0.31\tools\lib\CSR101x_A05\libgatt_lib_ram.a(patch_george.o)
 .data          0x00000000        0x0 C:\CSR_uEnergy_SDK-2.3.0.31\tools\lib\CSR101x_A05\libgatt_lib_ram.a(patch_george.o)
 .bss           0x00000000        0x0 C:\CSR_uEnergy_SDK-2.3.0.31\tools\lib\CSR101x_A05\libgatt_lib_ram.a(patch_george.o)
 .text.___libgatt_lib_db_4596
                0x00000000        0x0 C:\CSR_uEnergy_SDK-2.3.0.31\tools\lib\CSR101x_A05\libgatt_lib_ram.a(patch_george.o)
 .text.___libgatt_lib_db_4597
                0x00000000        0x0 C:\CSR_uEnergy_SDK-2.3.0.31\tools\lib\CSR101x_A05\libgatt_lib_ram.a(patch_george.o)
 .text.___libgatt_lib_db_4595
                0x00000000        0x0 C:\CSR_uEnergy_SDK-2.3.0.31\tools\lib\CSR101x_A05\libgatt_lib_ram.a(patch_george.o)
 .text          0x00000000        0x0 C:\CSR_uEnergy_SDK-2.3.0.31\tools\lib\CSR101x_A05\libgatt_lib_ram.a(patch_george_ll.o)
 .data          0x00000000        0x0 C:\CSR_uEnergy_SDK-2.3.0.31\tools\lib\CSR101x_A05\libgatt_lib_ram.a(patch_george_ll.o)
 .bss           0x00000000        0x0 C:\CSR_uEnergy_SDK-2.3.0.31\tools\lib\CSR101x_A05\libgatt_lib_ram.a(patch_george_ll.o)
 .text          0x00000000        0x0 C:\CSR_uEnergy_SDK-2.3.0.31\tools\lib\CSR101x_A05\libgatt_lib_ram.a(patch_dbase.o)
 .data          0x00000000        0x0 C:\CSR_uEnergy_SDK-2.3.0.31\tools\lib\CSR101x_A05\libgatt_lib_ram.a(patch_dbase.o)
 .bss           0x00000000        0x0 C:\CSR_uEnergy_SDK-2.3.0.31\tools\lib\CSR101x_A05\libgatt_lib_ram.a(patch_dbase.o)
 .text.dbase_safe_access_check_curr
                0x00000000        0x0 C:\CSR_uEnergy_SDK-2.3.0.31\tools\lib\CSR101x_A05\libgatt_lib_ram.a(patch_dbase.o)
 .text.___libgatt_lib_db_4627
                0x00000000        0x0 C:\CSR_uEnergy_SDK-2.3.0.31\tools\lib\CSR101x_A05\libgatt_lib_ram.a(patch_dbase.o)
 .text.___libgatt_lib_db_4623
                0x00000000        0x0 C:\CSR_uEnergy_SDK-2.3.0.31\tools\lib\CSR101x_A05\libgatt_lib_ram.a(patch_dbase.o)
 .text.___libgatt_lib_db_4628
                0x00000000        0x0 C:\CSR_uEnergy_SDK-2.3.0.31\tools\lib\CSR101x_A05\libgatt_lib_ram.a(patch_dbase.o)
 .text.___libgatt_lib_db_4624
                0x00000000        0x0 C:\CSR_uEnergy_SDK-2.3.0.31\tools\lib\CSR101x_A05\libgatt_lib_ram.a(patch_dbase.o)
 .text.___libgatt_lib_db_4626
                0x00000000        0x0 C:\CSR_uEnergy_SDK-2.3.0.31\tools\lib\CSR101x_A05\libgatt_lib_ram.a(patch_dbase.o)
 .text.___libgatt_lib_db_4622
                0x00000000        0x0 C:\CSR_uEnergy_SDK-2.3.0.31\tools\lib\CSR101x_A05\libgatt_lib_ram.a(patch_dbase.o)
 .text.___libgatt_lib_db_4625
                0x00000000        0x0 C:\CSR_uEnergy_SDK-2.3.0.31\tools\lib\CSR101x_A05\libgatt_lib_ram.a(patch_dbase.o)
 .text.___libgatt_lib_db_4621
                0x00000000        0x0 C:\CSR_uEnergy_SDK-2.3.0.31\tools\lib\CSR101x_A05\libgatt_lib_ram.a(patch_dbase.o)
 .text          0x00000000        0x0 C:\CSR_uEnergy_SDK-2.3.0.31\tools\lib\CSR101x_A05\libgatt_lib_ram.a(hal_debugbus_state.o)
 .data          0x00000000        0x0 C:\CSR_uEnergy_SDK-2.3.0.31\tools\lib\CSR101x_A05\libgatt_lib_ram.a(hal_debugbus_state.o)
 .bss           0x00000000        0x0 C:\CSR_uEnergy_SDK-2.3.0.31\tools\lib\CSR101x_A05\libgatt_lib_ram.a(hal_debugbus_state.o)
 .text          0x00000000        0x0 C:\CSR_uEnergy_SDK-2.3.0.31\tools\lib\CSR101x_A05\libgatt_lib_ram.a(patch_halradiotrim.o)
 .data          0x00000000        0x0 C:\CSR_uEnergy_SDK-2.3.0.31\tools\lib\CSR101x_A05\libgatt_lib_ram.a(patch_halradiotrim.o)
 .bss           0x00000000        0x0 C:\CSR_uEnergy_SDK-2.3.0.31\tools\lib\CSR101x_A05\libgatt_lib_ram.a(patch_halradiotrim.o)
 .text.___libgatt_lib_db_4016
                0x00000000        0x0 C:\CSR_uEnergy_SDK-2.3.0.31\tools\lib\CSR101x_A05\libgatt_lib_ram.a(patch_halradiotrim.o)
 .text.___libgatt_lib_db_4643
                0x00000000        0x0 C:\CSR_uEnergy_SDK-2.3.0.31\tools\lib\CSR101x_A05\libgatt_lib_ram.a(patch_halradiotrim.o)
 .text          0x00000000        0x0 C:\CSR_uEnergy_SDK-2.3.0.31\tools\lib\CSR101x_A05\libgatt_lib_ram.a(main_ram.o)
 .data          0x00000000        0x0 C:\CSR_uEnergy_SDK-2.3.0.31\tools\lib\CSR101x_A05\libgatt_lib_ram.a(main_ram.o)
 .bss           0x00000000        0x0 C:\CSR_uEnergy_SDK-2.3.0.31\tools\lib\CSR101x_A05\libgatt_lib_ram.a(main_ram.o)
 .text          0x00000000        0x0 C:\CSR_uEnergy_SDK-2.3.0.31\tools\lib\CSR101x_A05\libgatt_lib_ram.a(hw_patch_install.o)
 .data          0x00000000        0x0 C:\CSR_uEnergy_SDK-2.3.0.31\tools\lib\CSR101x_A05\libgatt_lib_ram.a(hw_patch_install.o)
 .bss           0x00000000        0x0 C:\CSR_uEnergy_SDK-2.3.0.31\tools\lib\CSR101x_A05\libgatt_lib_ram.a(hw_patch_install.o)
 .text          0x00000000        0x0 C:\CSR_uEnergy_SDK-2.3.0.31\tools\lib\CSR101x_A05\libgatt_lib_ram.a(patch_baldrick.o)
 .data          0x00000000        0x0 C:\CSR_uEnergy_SDK-2.3.0.31\tools\lib\CSR101x_A05\libgatt_lib_ram.a(patch_baldrick.o)
 .bss           0x00000000        0x0 C:\CSR_uEnergy_SDK-2.3.0.31\tools\lib\CSR101x_A05\libgatt_lib_ram.a(patch_baldrick.o)
 .text          0x00000000        0x0 C:\CSR_uEnergy_SDK-2.3.0.31\tools\lib\CSR101x_A05\libgatt_lib_ram.a(patch_i2c_app_mem_mgr.o)
 .data          0x00000000        0x0 C:\CSR_uEnergy_SDK-2.3.0.31\tools\lib\CSR101x_A05\libgatt_lib_ram.a(patch_i2c_app_mem_mgr.o)
 .bss           0x00000000        0x0 C:\CSR_uEnergy_SDK-2.3.0.31\tools\lib\CSR101x_A05\libgatt_lib_ram.a(patch_i2c_app_mem_mgr.o)
 .text          0x00000000        0x0 C:\CSR_uEnergy_SDK-2.3.0.31\tools\lib\CSR101x_A05\libgatt_lib_ram.a(robs_pio_ram.o)
 .data          0x00000000        0x0 C:\CSR_uEnergy_SDK-2.3.0.31\tools\lib\CSR101x_A05\libgatt_lib_ram.a(robs_pio_ram.o)
 .bss           0x00000000        0x0 C:\CSR_uEnergy_SDK-2.3.0.31\tools\lib\CSR101x_A05\libgatt_lib_ram.a(robs_pio_ram.o)
 .text.PioEnableQuadratureDecoder
                0x00000000        0x0 C:\CSR_uEnergy_SDK-2.3.0.31\tools\lib\CSR101x_A05\libgatt_lib_ram.a(robs_pio_ram.o)
 .text.PioEnableQuadratureDecoders
                0x00000000        0x0 C:\CSR_uEnergy_SDK-2.3.0.31\tools\lib\CSR101x_A05\libgatt_lib_ram.a(robs_pio_ram.o)
 .text.PioReadQuadratureDecoder
                0x00000000        0x0 C:\CSR_uEnergy_SDK-2.3.0.31\tools\lib\CSR101x_A05\libgatt_lib_ram.a(robs_pio_ram.o)
 .text          0x00000000        0x0 C:\CSR_uEnergy_SDK-2.3.0.31\tools\lib\CSR101x_A05\libgatt_lib_ram.a(id_ram.o)
 .data          0x00000000        0x0 C:\CSR_uEnergy_SDK-2.3.0.31\tools\lib\CSR101x_A05\libgatt_lib_ram.a(id_ram.o)
 .bss           0x00000000        0x0 C:\CSR_uEnergy_SDK-2.3.0.31\tools\lib\CSR101x_A05\libgatt_lib_ram.a(id_ram.o)
 .text          0x00000000        0x0 C:\CSR_uEnergy_SDK-2.3.0.31\tools\lib\CSR101x_A05\libgatt_lib_ram.a(slut.o)
 .data          0x00000000        0x0 C:\CSR_uEnergy_SDK-2.3.0.31\tools\lib\CSR101x_A05\libgatt_lib_ram.a(slut.o)
 .bss           0x00000000        0x0 C:\CSR_uEnergy_SDK-2.3.0.31\tools\lib\CSR101x_A05\libgatt_lib_ram.a(slut.o)
 .text          0x00000000        0x0 C:\CSR_uEnergy_SDK-2.3.0.31\tools\lib\CSR101x_A05\libgatt_lib_ram.a(sw_patch_ram.o)
 .data          0x00000000        0x0 C:\CSR_uEnergy_SDK-2.3.0.31\tools\lib\CSR101x_A05\libgatt_lib_ram.a(sw_patch_ram.o)
 .bss           0x00000000        0x0 C:\CSR_uEnergy_SDK-2.3.0.31\tools\lib\CSR101x_A05\libgatt_lib_ram.a(sw_patch_ram.o)
 .text          0x00000000        0x0 C:\CSR_uEnergy_SDK-2.3.0.31\tools\lib\CSR101x_A05\libgatt_lib_ram.a(patch_ls_app_if.o)
 .data          0x00000000        0x0 C:\CSR_uEnergy_SDK-2.3.0.31\tools\lib\CSR101x_A05\libgatt_lib_ram.a(patch_ls_app_if.o)
 .bss           0x00000000        0x0 C:\CSR_uEnergy_SDK-2.3.0.31\tools\lib\CSR101x_A05\libgatt_lib_ram.a(patch_ls_app_if.o)
 .text.LsSetTgapConnParamTimeout
                0x00000000        0x0 C:\CSR_uEnergy_SDK-2.3.0.31\tools\lib\CSR101x_A05\libgatt_lib_ram.a(patch_ls_app_if.o)
 .text.LsRxTimingReport
                0x00000000        0x0 C:\CSR_uEnergy_SDK-2.3.0.31\tools\lib\CSR101x_A05\libgatt_lib_ram.a(patch_ls_app_if.o)
 .text.LsHoldTxUntilRx
                0x00000000        0x0 C:\CSR_uEnergy_SDK-2.3.0.31\tools\lib\CSR101x_A05\libgatt_lib_ram.a(patch_ls_app_if.o)
 .text.LsRadioEventNotification
                0x00000000        0x0 C:\CSR_uEnergy_SDK-2.3.0.31\tools\lib\CSR101x_A05\libgatt_lib_ram.a(patch_ls_app_if.o)
 .text          0x00000000        0x0 C:\CSR_uEnergy_SDK-2.3.0.31\tools\lib\CSR101x_A05\libgatt_lib_ram.a(patch_ls_advertising_if.o)
 .data          0x00000000        0x0 C:\CSR_uEnergy_SDK-2.3.0.31\tools\lib\CSR101x_A05\libgatt_lib_ram.a(patch_ls_advertising_if.o)
 .bss           0x00000000        0x0 C:\CSR_uEnergy_SDK-2.3.0.31\tools\lib\CSR101x_A05\libgatt_lib_ram.a(patch_ls_advertising_if.o)
 .text.LsStartStopAdvertise
                0x00000000        0x0 C:\CSR_uEnergy_SDK-2.3.0.31\tools\lib\CSR101x_A05\libgatt_lib_ram.a(patch_ls_advertising_if.o)
 .text          0x00000000        0x0 C:\CSR_uEnergy_SDK-2.3.0.31\tools\lib\CSR101x_A05\libgatt_lib_ram.a(patch_ls_l2cap_if.o)
 .data          0x00000000        0x0 C:\CSR_uEnergy_SDK-2.3.0.31\tools\lib\CSR101x_A05\libgatt_lib_ram.a(patch_ls_l2cap_if.o)
 .bss           0x00000000        0x0 C:\CSR_uEnergy_SDK-2.3.0.31\tools\lib\CSR101x_A05\libgatt_lib_ram.a(patch_ls_l2cap_if.o)
 .text          0x00000000        0x0 C:\CSR_uEnergy_SDK-2.3.0.31\tools\lib\CSR101x_A05\libgatt_lib_ram.a(patch_att_install.o)
 .data          0x00000000        0x0 C:\CSR_uEnergy_SDK-2.3.0.31\tools\lib\CSR101x_A05\libgatt_lib_ram.a(patch_att_install.o)
 .bss           0x00000000        0x0 C:\CSR_uEnergy_SDK-2.3.0.31\tools\lib\CSR101x_A05\libgatt_lib_ram.a(patch_att_install.o)
 .text          0x00000000        0x0 C:\CSR_uEnergy_SDK-2.3.0.31\tools\lib\CSR101x_A05\libgatt_lib_ram.a(patch_george_adv.o)
 .data          0x00000000        0x0 C:\CSR_uEnergy_SDK-2.3.0.31\tools\lib\CSR101x_A05\libgatt_lib_ram.a(patch_george_adv.o)
 .bss           0x00000000        0x0 C:\CSR_uEnergy_SDK-2.3.0.31\tools\lib\CSR101x_A05\libgatt_lib_ram.a(patch_george_adv.o)
 .text          0x00000000        0x0 C:\CSR_uEnergy_SDK-2.3.0.31\tools\lib\CSR101x_A05\libgatt_lib_ram.a(patch_halradio.o)
 .data          0x00000000        0x0 C:\CSR_uEnergy_SDK-2.3.0.31\tools\lib\CSR101x_A05\libgatt_lib_ram.a(patch_halradio.o)
 .bss           0x00000000        0x0 C:\CSR_uEnergy_SDK-2.3.0.31\tools\lib\CSR101x_A05\libgatt_lib_ram.a(patch_halradio.o)
 .text          0x00000000        0x0 C:\CSR_uEnergy_SDK-2.3.0.31\tools\lib\CSR101x_A05\libgatt_lib_ram.a(patch_timer.o)
 .data          0x00000000        0x0 C:\CSR_uEnergy_SDK-2.3.0.31\tools\lib\CSR101x_A05\libgatt_lib_ram.a(patch_timer.o)
 .bss           0x00000000        0x0 C:\CSR_uEnergy_SDK-2.3.0.31\tools\lib\CSR101x_A05\libgatt_lib_ram.a(patch_timer.o)
 .text          0x00000000        0x0 C:\CSR_uEnergy_SDK-2.3.0.31\tools\lib\CSR101x_A05\libgatt_lib_ram.a(patch_reset.o)
 .data          0x00000000        0x0 C:\CSR_uEnergy_SDK-2.3.0.31\tools\lib\CSR101x_A05\libgatt_lib_ram.a(patch_reset.o)
 .bss           0x00000000        0x0 C:\CSR_uEnergy_SDK-2.3.0.31\tools\lib\CSR101x_A05\libgatt_lib_ram.a(patch_reset.o)
 .text          0x00000000        0x0 C:\CSR_uEnergy_SDK-2.3.0.31\tools\lib\CSR101x_A05\libgatt_lib_ram.a(patch_pools.o)
 .data          0x00000000        0x0 C:\CSR_uEnergy_SDK-2.3.0.31\tools\lib\CSR101x_A05\libgatt_lib_ram.a(patch_pools.o)
 .bss           0x00000000        0x0 C:\CSR_uEnergy_SDK-2.3.0.31\tools\lib\CSR101x_A05\libgatt_lib_ram.a(patch_pools.o)
 .text          0x00000000        0x0 C:\CSR_uEnergy_SDK-2.3.0.31\tools\lib\CSR101x_A05\libgatt_lib_ram.a(patch_background_loop.o)
 .data          0x00000000        0x0 C:\CSR_uEnergy_SDK-2.3.0.31\tools\lib\CSR101x_A05\libgatt_lib_ram.a(patch_background_loop.o)
 .bss           0x00000000        0x0 C:\CSR_uEnergy_SDK-2.3.0.31\tools\lib\CSR101x_A05\libgatt_lib_ram.a(patch_background_loop.o)
 .text          0x00000000        0x0 C:\CSR_uEnergy_SDK-2.3.0.31\tools\lib\CSR101x_A05\libgatt_lib_ram.a(patch_fault.o)
 .data          0x00000000        0x0 C:\CSR_uEnergy_SDK-2.3.0.31\tools\lib\CSR101x_A05\libgatt_lib_ram.a(patch_fault.o)
 .bss           0x00000000        0x0 C:\CSR_uEnergy_SDK-2.3.0.31\tools\lib\CSR101x_A05\libgatt_lib_ram.a(patch_fault.o)
 .text.PanicReadFwFault
                0x00000000        0x0 C:\CSR_uEnergy_SDK-2.3.0.31\tools\lib\CSR101x_A05\libgatt_lib_ram.a(patch_fault.o)
 .text.PanicClearFwFault
                0x00000000        0x0 C:\CSR_uEnergy_SDK-2.3.0.31\tools\lib\CSR101x_A05\libgatt_lib_ram.a(patch_fault.o)
 .bss.__PATCH__ZERO_
                0x00000000        0x0 C:\CSR_uEnergy_SDK-2.3.0.31\tools\lib\CSR101x_A05\libgatt_lib_ram.a(patch_fault.o)
 .text          0x00000000        0x0 C:\CSR_uEnergy_SDK-2.3.0.31\tools\lib\CSR101x_A05\libgatt_lib_ram.a(patch_pmu.o)
 .data          0x00000000        0x0 C:\CSR_uEnergy_SDK-2.3.0.31\tools\lib\CSR101x_A05\libgatt_lib_ram.a(patch_pmu.o)
 .bss           0x00000000        0x0 C:\CSR_uEnergy_SDK-2.3.0.31\tools\lib\CSR101x_A05\libgatt_lib_ram.a(patch_pmu.o)
 .text          0x00000000        0x0 C:\CSR_uEnergy_SDK-2.3.0.31\tools\lib\CSR101x_A05\libgatt_lib_ram.a(patch_thermometer.o)
 .data          0x00000000        0x0 C:\CSR_uEnergy_SDK-2.3.0.31\tools\lib\CSR101x_A05\libgatt_lib_ram.a(patch_thermometer.o)
 .bss           0x00000000        0x0 C:\CSR_uEnergy_SDK-2.3.0.31\tools\lib\CSR101x_A05\libgatt_lib_ram.a(patch_thermometer.o)

Memory Configuration

Name             Origin             Length             Attributes
*default*        0x00000000         0xffffffff

Linker script and memory map

LOAD depend_Debug_CSR101x_A05\app_gatt_db.o
LOAD depend_Debug_CSR101x_A05\battery_service.o
LOAD depend_Debug_CSR101x_A05\buzzer.o
LOAD depend_Debug_CSR101x_A05\gap_service.o
LOAD depend_Debug_CSR101x_A05\nvm_access.o
LOAD depend_Debug_CSR101x_A05\dev_info_service.o
LOAD depend_Debug_CSR101x_A05\gatt_access.o
LOAD depend_Debug_CSR101x_A05\hw_access.o
LOAD depend_Debug_CSR101x_A05\gatt_server.o
LOAD depend_Debug_CSR101x_A05\debug_interface.o
LOAD C:\CSR_uEnergy_SDK-2.3.0.31\tools\lib\CSR101x_A05\libgatt_lib_ram.a
LOAD C:\CSR_uEnergy_SDK-2.3.0.31\tools\lib\CSR101x_A05\rom_img.elf
                0x00000000                PROG_RAM_START = 0x0
                0x00008000                PROG_RAM_SIZE = 0x8000
                0x00008000                PROG_ROM_START = 0x8000
                0x00008000                PROG_ROM_SIZE = 0x8000
                0x00002000                DATA_RAM_START = 0x2000
                0x00008000                DATA_RAM_SIZE = 0x8000
                0x000001b0                RADIOBUFS_SIZE = 0x1b0
                0x00000020                WHITELIST_SIZE = 0x20
                0x00000164                RADIODATA_SIZE = 0x164
                0x00000200                USTACK_SIZE = 0x200
                0x00000100                ISTACK_SIZE = 0x100
                0x00009f84                DATA_CSTORE_START = 0x9f84
                0x00000058                CSTORE_SIZE = 0x58
                0x00000004                SLT_SIZE = 0x4
                0x00000020                PRESERVE_SIZE = 0x20
                0x0000a000                DATA_RAM_END = 0xa000
                0x0000a000                DATA_ROM_START = 0xa000
                0x00004000                DATA_ROM_SIZE = 0x4000
                0x0000ef80                DATA_PERSIST_START = 0xef80
                0x00000080                DATA_PERSIST_SIZE = 0x80
                0x00009360                DATA_ROMDATA_START = 0x9360
                0x00000000                PROG_APPCODE_START = 0x0
                0x00006c00                PROG_APPCODE_END = 0x6c00
                0x00008c40                DATA_APPDATA_START = 0x8c40
                0x00008f00                DATA_APPDATA_END = 0x8f00
                0x80000000                $CODE$ = 0x80000000
                0x00000000                $DATA$ = 0x0
                0x0000ffe0                PROVIDE ($XAP_AH, 0xffe0)
                0x0000ffe1                PROVIDE ($XAP_AL, 0xffe1)
                0x0000ffe2                PROVIDE ($XAP_UXH, 0xffe2)
                0x0000ffe3                PROVIDE ($XAP_UXL, 0xffe3)
                0x0000ffe4                PROVIDE ($XAP_UY, 0xffe4)
                0x0000ffe5                PROVIDE ($XAP_IXH, 0xffe5)
                0x0000ffe6                PROVIDE ($XAP_IXL, 0xffe6)
                0x0000ffe7                PROVIDE ($XAP_IY, 0xffe7)
                0x00000008                . = 0x8

.app_ram_init   0x00000008        0x1
 *(RAM_APP_INIT)
 RAM_APP_INIT   0x00000008        0x1 C:\CSR_uEnergy_SDK-2.3.0.31\tools\lib\CSR101x_A05\libgatt_lib_ram.a(main_ram.o)
                0x00000008                main_ram_app_init

.fw_patch_bitmap
                0x00000009        0x6
 *(FW_PATCH_BITMAP)
 FW_PATCH_BITMAP
                0x00000009        0x6 C:\CSR_uEnergy_SDK-2.3.0.31\tools\lib\CSR101x_A05\libgatt_lib_ram.a(sw_patch_ram.o)
                0x00000009                patch_bitmap

.fw_patch_table
                0x0000000f        0x1
 *(FW_PATCH_TABLE)
 FW_PATCH_TABLE
                0x0000000f        0x1 C:\CSR_uEnergy_SDK-2.3.0.31\tools\lib\CSR101x_A05\libgatt_lib_ram.a(sw_patch_ram.o)
                0x0000000f                patch_table
                0x00000010                PROG_APPCODE_START = .

.text           0x00000010     0x19e5 load address 0x80000010
 *xap2crt0.o(.text)
 *xap2crt0.o(.text.*)
                0x00000010                PROG_PATCH_ADDRESS = .
 *(.hw_patch)
 .hw_patch      0x00000010      0x158 C:\CSR_uEnergy_SDK-2.3.0.31\tools\lib\CSR101x_A05\libgatt_lib_ram.a(patch_baldrick.o)
                0x00000010                hw_patch
 *(.text)
 .text          0x00000168       0x3e C:\CSR_uEnergy_SDK-2.3.0.31\tools\lib\CSR101x_A05\libgatt_lib_ram.a(sm_pair_auth.o)
                0x00000168                SMPairingAuthRsp
                0x00000182                ___libgatt_lib_db_4573
 .text          0x000001a6       0x3e C:\CSR_uEnergy_SDK-2.3.0.31\tools\lib\CSR101x_A05\libgatt_lib_ram.a(sm_ram.o)
                0x000001d6                SMDistributeMasterLtk
                0x000001a6                ___libgatt_lib_db_476
                0x000001b8                SMFeaturesReq
 .text          0x000001e4       0x26 C:\CSR_uEnergy_SDK-2.3.0.31\tools\lib\CSR101x_A05\libgatt_lib_ram.a(sm_div.o)
                0x000001f8                ___libgatt_lib_db_487
                0x000001e4                SMDivApproval
 .text          0x0000020a      0x187 C:\CSR_uEnergy_SDK-2.3.0.31\tools\lib\CSR101x_A05\libgatt_lib_ram.a(patch_sm.o)
                0x000002ee                ___libgatt_lib_db_4591
                0x0000023f                ___libgatt_lib_db_4582
                0x0000020a                ___libgatt_lib_db_4579
                0x00000342                ___libgatt_lib_db_4581
                0x00000272                ___libgatt_lib_db_4583
                0x000002c5                ___libgatt_lib_db_4580
                0x000002cf                ___libgatt_lib_db_4578
 *(.text.*)
 .text.GattGetDatabase
                0x00000391        0x9 depend_Debug_CSR101x_A05\app_gatt_db.o
                0x00000391                GattGetDatabase
 .text.readBatteryLevel
                0x0000039a       0x6d depend_Debug_CSR101x_A05\battery_service.o
 .text.BatteryDataInit
                0x00000407        0x9 depend_Debug_CSR101x_A05\battery_service.o
                0x00000407                BatteryDataInit
 .text.BatteryInitChipReset
                0x00000410        0x4 depend_Debug_CSR101x_A05\battery_service.o
                0x00000410                BatteryInitChipReset
 .text.BatteryHandleAccessRead
                0x00000414       0x3d depend_Debug_CSR101x_A05\battery_service.o
                0x00000414                BatteryHandleAccessRead
 .text.BatteryHandleAccessWrite
                0x00000451       0x4a depend_Debug_CSR101x_A05\battery_service.o
                0x00000451                BatteryHandleAccessWrite
 .text.BatteryUpdateLevel
                0x0000049b       0x21 depend_Debug_CSR101x_A05\battery_service.o
                0x0000049b                BatteryUpdateLevel
 .text.BatteryReadDataFromNVM
                0x000004bc       0x18 depend_Debug_CSR101x_A05\battery_service.o
                0x000004bc                BatteryReadDataFromNVM
 .text.BatteryCheckHandleRange
                0x000004d4        0xb depend_Debug_CSR101x_A05\battery_service.o
                0x000004d4                BatteryCheckHandleRange
 .text.BatteryBondingNotify
                0x000004df        0xe depend_Debug_CSR101x_A05\battery_service.o
                0x000004df                BatteryBondingNotify
 .text.appBuzzerTimerHandler
                0x000004ed       0xa4 depend_Debug_CSR101x_A05\buzzer.o
 .text.BuzzerInitHardware
                0x00000591       0x22 depend_Debug_CSR101x_A05\buzzer.o
                0x00000591                BuzzerInitHardware
 .text.BuzzerInitData
                0x000005b3        0x4 depend_Debug_CSR101x_A05\buzzer.o
                0x000005b3                BuzzerInitData
 .text.BuzzerResetData
                0x000005b7        0xe depend_Debug_CSR101x_A05\buzzer.o
                0x000005b7                BuzzerResetData
 .text.SoundBuzzer
                0x000005c5       0x4e depend_Debug_CSR101x_A05\buzzer.o
                0x000005c5                SoundBuzzer
 .text.gapWriteDeviceNameToNvm
                0x00000613       0x16 depend_Debug_CSR101x_A05\gap_service.o
 .text.updateDeviceName
                0x00000629       0x40 depend_Debug_CSR101x_A05\gap_service.o
 .text.GapDataInit
                0x00000669        0xd depend_Debug_CSR101x_A05\gap_service.o
                0x00000669                GapDataInit
 .text.GapHandleAccessRead
                0x00000676       0x38 depend_Debug_CSR101x_A05\gap_service.o
                0x00000676                GapHandleAccessRead
 .text.GapHandleAccessWrite
                0x000006ae       0x22 depend_Debug_CSR101x_A05\gap_service.o
                0x000006ae                GapHandleAccessWrite
 .text.GapReadDataFromNVM
                0x000006d0       0x27 depend_Debug_CSR101x_A05\gap_service.o
                0x000006d0                GapReadDataFromNVM
 .text.GapInitWriteDataToNVM
                0x000006f7        0xe depend_Debug_CSR101x_A05\gap_service.o
                0x000006f7                GapInitWriteDataToNVM
 .text.GapCheckHandleRange
                0x00000705        0xe depend_Debug_CSR101x_A05\gap_service.o
                0x00000705                GapCheckHandleRange
 .text.GapGetNameAndLength
                0x00000713        0xc depend_Debug_CSR101x_A05\gap_service.o
                0x00000713                GapGetNameAndLength
 .text.Nvm_Disable
                0x0000071f        0x9 depend_Debug_CSR101x_A05\nvm_access.o
                0x0000071f                Nvm_Disable
 .text.Nvm_Read
                0x00000728       0x12 depend_Debug_CSR101x_A05\nvm_access.o
                0x00000728                Nvm_Read
 .text.Nvm_Write
                0x0000073a       0x12 depend_Debug_CSR101x_A05\nvm_access.o
                0x0000073a                Nvm_Write
 .text.getSystemId
                0x0000074c       0x3f depend_Debug_CSR101x_A05\dev_info_service.o
 .text.DeviceInfoHandleAccessRead
                0x0000078b       0x2d depend_Debug_CSR101x_A05\dev_info_service.o
                0x0000078b                DeviceInfoHandleAccessRead
 .text.DeviceInfoCheckHandleRange
                0x000007b8        0xf depend_Debug_CSR101x_A05\dev_info_service.o
                0x000007b8                DeviceInfoCheckHandleRange
 .text.addDeviceNameToAdvData
                0x000007c7       0x5d depend_Debug_CSR101x_A05\gatt_access.o
 .text.gattSetAdvertParams
                0x00000824       0xb4 depend_Debug_CSR101x_A05\gatt_access.o
 .text.InitGattData
                0x000008d8        0x7 depend_Debug_CSR101x_A05\gatt_access.o
                0x000008d8                InitGattData
 .text.HandleAccessRead
                0x000008df       0x31 depend_Debug_CSR101x_A05\gatt_access.o
                0x000008df                HandleAccessRead
 .text.HandleAccessWrite
                0x00000910       0x27 depend_Debug_CSR101x_A05\gatt_access.o
                0x00000910                HandleAccessWrite
 .text.GattStartAdverts
                0x00000937       0x31 depend_Debug_CSR101x_A05\gatt_access.o
                0x00000937                GattStartAdverts
 .text.GetSupported16BitUUIDServiceList
                0x00000968       0x33 depend_Debug_CSR101x_A05\gatt_access.o
                0x00000968                GetSupported16BitUUIDServiceList
 .text.GattIsAddressResolvableRandom
                0x0000099b       0x14 depend_Debug_CSR101x_A05\gatt_access.o
                0x0000099b                GattIsAddressResolvableRandom
 .text.GattTriggerFastAdverts
                0x000009af       0x1c depend_Debug_CSR101x_A05\gatt_access.o
                0x000009af                GattTriggerFastAdverts
 .text.GattStopAdverts
                0x000009cb       0x23 depend_Debug_CSR101x_A05\gatt_access.o
                0x000009cb                GattStopAdverts
 .text.handleExtraLongButtonPress
                0x000009ee        0xf depend_Debug_CSR101x_A05\hw_access.o
 .text.InitHardware
                0x000009fd       0x25 depend_Debug_CSR101x_A05\hw_access.o
                0x000009fd                InitHardware
 .text.HwDataInit
                0x00000a22        0x7 depend_Debug_CSR101x_A05\hw_access.o
                0x00000a22                HwDataInit
 .text.HwDataReset
                0x00000a29       0x10 depend_Debug_CSR101x_A05\hw_access.o
                0x00000a29                HwDataReset
 .text.HandlePIOChangedEvent
                0x00000a39       0x4d depend_Debug_CSR101x_A05\hw_access.o
                0x00000a39                HandlePIOChangedEvent
 .text.appDataInit
                0x00000a86       0x43 depend_Debug_CSR101x_A05\gatt_server.o
 .text.readPersistentStore
                0x00000ac9       0x68 depend_Debug_CSR101x_A05\gatt_server.o
 .text.enableWhiteList
                0x00000b31        0xf depend_Debug_CSR101x_A05\gatt_server.o
 .text.appStartConnUpdateTimer
                0x00000b40       0x21 depend_Debug_CSR101x_A05\gatt_server.o
 .text.handleBondingChanceTimerExpiry
                0x00000b61        0xd depend_Debug_CSR101x_A05\gatt_server.o
 .text.requestConnParamUpdate
                0x00000b6e       0x2a depend_Debug_CSR101x_A05\gatt_server.o
 .text.appExitAdvertising
                0x00000b98        0xa depend_Debug_CSR101x_A05\gatt_server.o
 .text.appAdvertTimerHandler
                0x00000ba2        0xc depend_Debug_CSR101x_A05\gatt_server.o
 .text.appInitExit
                0x00000bae       0x16 depend_Debug_CSR101x_A05\gatt_server.o
 .text.handleSignalGattAddDbCfm
                0x00000bc4       0x16 depend_Debug_CSR101x_A05\gatt_server.o
 .text.handleSignalLmEvConnectionComplete
                0x00000bda        0xf depend_Debug_CSR101x_A05\gatt_server.o
 .text.handleSignalGattCancelConnectCfm
                0x00000be9       0x4e depend_Debug_CSR101x_A05\gatt_server.o
 .text.handleSignalGattConnectCfm
                0x00000c37       0x48 depend_Debug_CSR101x_A05\gatt_server.o
 .text.handleSignalSmKeysInd
                0x00000c7f       0x2f depend_Debug_CSR101x_A05\gatt_server.o
 .text.handleSignalSmPairingAuthInd
                0x00000cae       0x1a depend_Debug_CSR101x_A05\gatt_server.o
 .text.handleSignalLMEncryptionChange
                0x00000cc8       0x2d depend_Debug_CSR101x_A05\gatt_server.o
 .text.handleSignalSmSimplePairingCompleteInd
                0x00000cf5       0x53 depend_Debug_CSR101x_A05\gatt_server.o
 .text.handleSignalSmDivApproveInd
                0x00000d48       0x1e depend_Debug_CSR101x_A05\gatt_server.o
 .text.handleSignalLsConnParamUpdateCfm
                0x00000d66       0x2a depend_Debug_CSR101x_A05\gatt_server.o
 .text.handleSignalLsConnParamUpdateInd
                0x00000d90       0x25 depend_Debug_CSR101x_A05\gatt_server.o
 .text.handleSignalGattAccessInd
                0x00000db5       0x2c depend_Debug_CSR101x_A05\gatt_server.o
 .text.handleSignalLmDisconnectComplete
                0x00000de1       0x58 depend_Debug_CSR101x_A05\gatt_server.o
 .text.ReportPanic
                0x00000e39        0x7 depend_Debug_CSR101x_A05\gatt_server.o
                0x00000e39                ReportPanic
 .text.HandleShortButtonPress
                0x00000e40       0x14 depend_Debug_CSR101x_A05\gatt_server.o
                0x00000e40                HandleShortButtonPress
 .text.SetState
                0x00000e54       0x4e depend_Debug_CSR101x_A05\gatt_server.o
                0x00000e54                SetState
 .text.GetState
                0x00000ea2        0x3 depend_Debug_CSR101x_A05\gatt_server.o
                0x00000ea2                GetState
 .text.IsWhiteListEnabled
                0x00000ea5        0x3 depend_Debug_CSR101x_A05\gatt_server.o
                0x00000ea5                IsWhiteListEnabled
 .text.HandlePairingRemoval
                0x00000ea8       0x37 depend_Debug_CSR101x_A05\gatt_server.o
                0x00000ea8                HandlePairingRemoval
 .text.StartAdvertTimer
                0x00000edf       0x19 depend_Debug_CSR101x_A05\gatt_server.o
                0x00000edf                StartAdvertTimer
 .text.IsDeviceBonded
                0x00000ef8        0x3 depend_Debug_CSR101x_A05\gatt_server.o
                0x00000ef8                IsDeviceBonded
 .text.AppPowerOnReset
                0x00000efb        0x1 depend_Debug_CSR101x_A05\gatt_server.o
                0x00000efb                AppPowerOnReset
 .text.AppInit  0x00000efc       0x4a depend_Debug_CSR101x_A05\gatt_server.o
                0x00000efc                AppInit
 .text.AppProcessSystemEvent
                0x00000f46       0x19 depend_Debug_CSR101x_A05\gatt_server.o
                0x00000f46                AppProcessSystemEvent
 .text.AppProcessLmEvent
                0x00000f5f       0x84 depend_Debug_CSR101x_A05\gatt_server.o
                0x00000f5f                AppProcessLmEvent
 .text.DebugIfInit
                0x00000fe3        0x7 depend_Debug_CSR101x_A05\debug_interface.o
                0x00000fe3                DebugIfInit
 .text.LsReadTransmitPowerLevel
                0x00000fea        0x8 C:\CSR_uEnergy_SDK-2.3.0.31\tools\lib\CSR101x_A05\libgatt_lib_ram.a(ls_app_if_ram.o)
                0x00000fea                LsReadTransmitPowerLevel
 .text.GattInit
                0x00000ff2       0x22 C:\CSR_uEnergy_SDK-2.3.0.31\tools\lib\CSR101x_A05\libgatt_lib_ram.a(gatt_ram.o)
                0x00000ff2                GattInit
 .text.GattCancelConnectReq
                0x00001014        0x7 C:\CSR_uEnergy_SDK-2.3.0.31\tools\lib\CSR101x_A05\libgatt_lib_ram.a(patch_gatt.o)
                0x00001014                GattCancelConnectReq
 .text.DebugWriteString
                0x0000101b        0xb C:\CSR_uEnergy_SDK-2.3.0.31\tools\lib\CSR101x_A05\libgatt_lib_ram.a(debug.o)
                0x0000101b                DebugWriteString
 .text.DebugInit
                0x00001026       0x21 C:\CSR_uEnergy_SDK-2.3.0.31\tools\lib\CSR101x_A05\libgatt_lib_ram.a(debug.o)
                0x00001026                DebugInit
 .text.___libgatt_lib_db_4544
                0x00001047       0x18 C:\CSR_uEnergy_SDK-2.3.0.31\tools\lib\CSR101x_A05\libgatt_lib_ram.a(patch_george.o)
                0x00001047                ___libgatt_lib_db_4544
 .text.ram_le_connection_timeout_A05
                0x0000105f       0x34 C:\CSR_uEnergy_SDK-2.3.0.31\tools\lib\CSR101x_A05\libgatt_lib_ram.a(patch_george.o)
 .text.___libgatt_lib_db_4594
                0x00001093        0x8 C:\CSR_uEnergy_SDK-2.3.0.31\tools\lib\CSR101x_A05\libgatt_lib_ram.a(patch_george.o)
                0x00001093                ___libgatt_lib_db_4594
 .text.___libgatt_lib_db_4599
                0x0000109b       0x1b C:\CSR_uEnergy_SDK-2.3.0.31\tools\lib\CSR101x_A05\libgatt_lib_ram.a(patch_george.o)
                0x0000109b                ___libgatt_lib_db_4599
 .text.___libgatt_lib_db_4600
                0x000010b6        0xc C:\CSR_uEnergy_SDK-2.3.0.31\tools\lib\CSR101x_A05\libgatt_lib_ram.a(patch_george.o)
                0x000010b6                ___libgatt_lib_db_4600
 .text.___libgatt_lib_db_4598
                0x000010c2       0xde C:\CSR_uEnergy_SDK-2.3.0.31\tools\lib\CSR101x_A05\libgatt_lib_ram.a(patch_george.o)
                0x000010c2                ___libgatt_lib_db_4598
 .text.rx_timing_report
                0x000011a0       0xb1 C:\CSR_uEnergy_SDK-2.3.0.31\tools\lib\CSR101x_A05\libgatt_lib_ram.a(patch_george.o)
 .text.ram_le_handle_event
                0x00001251      0x12c C:\CSR_uEnergy_SDK-2.3.0.31\tools\lib\CSR101x_A05\libgatt_lib_ram.a(patch_george.o)
 .text.___libgatt_lib_db_4550
                0x0000137d       0x1c C:\CSR_uEnergy_SDK-2.3.0.31\tools\lib\CSR101x_A05\libgatt_lib_ram.a(patch_george.o)
                0x0000137d                ___libgatt_lib_db_4550
 .text.___libgatt_lib_db_4549
                0x00001399       0x1c C:\CSR_uEnergy_SDK-2.3.0.31\tools\lib\CSR101x_A05\libgatt_lib_ram.a(patch_george.o)
                0x00001399                ___libgatt_lib_db_4549
 .text.___libgatt_lib_db_4609
                0x000013b5        0xc C:\CSR_uEnergy_SDK-2.3.0.31\tools\lib\CSR101x_A05\libgatt_lib_ram.a(patch_george_ll.o)
                0x000013b5                ___libgatt_lib_db_4609
 .text.___libgatt_lib_db_4608
                0x000013c1       0x11 C:\CSR_uEnergy_SDK-2.3.0.31\tools\lib\CSR101x_A05\libgatt_lib_ram.a(patch_george_ll.o)
                0x000013c1                ___libgatt_lib_db_4608
 .text.___libgatt_lib_db_4610
                0x000013d2      0x125 C:\CSR_uEnergy_SDK-2.3.0.31\tools\lib\CSR101x_A05\libgatt_lib_ram.a(patch_george_ll.o)
                0x000013d2                ___libgatt_lib_db_4610
 .text.___libgatt_lib_db_4619
                0x000014f7       0x16 C:\CSR_uEnergy_SDK-2.3.0.31\tools\lib\CSR101x_A05\libgatt_lib_ram.a(patch_dbase.o)
                0x000014f7                ___libgatt_lib_db_4619
 .text.___libgatt_lib_db_4620
                0x0000150d        0x7 C:\CSR_uEnergy_SDK-2.3.0.31\tools\lib\CSR101x_A05\libgatt_lib_ram.a(patch_dbase.o)
                0x0000150d                ___libgatt_lib_db_4620
 .text.___libgatt_lib_db_4640
                0x00001514        0xc C:\CSR_uEnergy_SDK-2.3.0.31\tools\lib\CSR101x_A05\libgatt_lib_ram.a(hal_debugbus_state.o)
                0x00001514                ___libgatt_lib_db_4640
 .text.___libgatt_lib_db_4639
                0x00001520        0xc C:\CSR_uEnergy_SDK-2.3.0.31\tools\lib\CSR101x_A05\libgatt_lib_ram.a(hal_debugbus_state.o)
                0x00001520                ___libgatt_lib_db_4639
 .text.___libgatt_lib_db_4645
                0x0000152c        0x5 C:\CSR_uEnergy_SDK-2.3.0.31\tools\lib\CSR101x_A05\libgatt_lib_ram.a(patch_halradiotrim.o)
                0x0000152c                ___libgatt_lib_db_4645
 .text.RAM_set_tx_power_parameters
                0x00001531       0x57 C:\CSR_uEnergy_SDK-2.3.0.31\tools\lib\CSR101x_A05\libgatt_lib_ram.a(patch_halradiotrim.o)
 .text.___libgatt_lib_db_4646
                0x00001588        0xb C:\CSR_uEnergy_SDK-2.3.0.31\tools\lib\CSR101x_A05\libgatt_lib_ram.a(patch_halradiotrim.o)
                0x00001588                ___libgatt_lib_db_4646
 .text.___libgatt_lib_db_4644
                0x00001593        0xa C:\CSR_uEnergy_SDK-2.3.0.31\tools\lib\CSR101x_A05\libgatt_lib_ram.a(patch_halradiotrim.o)
                0x00001593                ___libgatt_lib_db_4644
 .text.ram_app_init
                0x0000159d       0x31 C:\CSR_uEnergy_SDK-2.3.0.31\tools\lib\CSR101x_A05\libgatt_lib_ram.a(main_ram.o)
                0x0000159d                ram_app_init
 .text.___libgatt_lib_db_4364
                0x000015ce        0x8 C:\CSR_uEnergy_SDK-2.3.0.31\tools\lib\CSR101x_A05\libgatt_lib_ram.a(hw_patch_install.o)
                0x000015ce                ___libgatt_lib_db_4364
 .text.NvmConfigureI2cEeprom
                0x000015d6        0xd C:\CSR_uEnergy_SDK-2.3.0.31\tools\lib\CSR101x_A05\libgatt_lib_ram.a(patch_i2c_app_mem_mgr.o)
                0x000015d6                NvmConfigureI2cEeprom
 .text.new_disable_i2c
                0x000015e3        0xb C:\CSR_uEnergy_SDK-2.3.0.31\tools\lib\CSR101x_A05\libgatt_lib_ram.a(patch_i2c_app_mem_mgr.o)
 .text.PioSetMode
                0x000015ee        0xb C:\CSR_uEnergy_SDK-2.3.0.31\tools\lib\CSR101x_A05\libgatt_lib_ram.a(robs_pio_ram.o)
                0x000015ee                PioSetMode
 .text.IdGetLlVerBtle
                0x000015f9        0x2 C:\CSR_uEnergy_SDK-2.3.0.31\tools\lib\CSR101x_A05\libgatt_lib_ram.a(id_ram.o)
                0x000015f9                IdGetLlVerBtle
 .text.___libgatt_lib_db_4554
                0x000015fb        0x7 C:\CSR_uEnergy_SDK-2.3.0.31\tools\lib\CSR101x_A05\libgatt_lib_ram.a(patch_ls_app_if.o)
                0x000015fb                ___libgatt_lib_db_4554
 .text.patch_process_hci_event
                0x00001602       0x2f C:\CSR_uEnergy_SDK-2.3.0.31\tools\lib\CSR101x_A05\libgatt_lib_ram.a(patch_ls_app_if.o)
 .text.___libgatt_lib_db_4563
                0x00001631        0xe C:\CSR_uEnergy_SDK-2.3.0.31\tools\lib\CSR101x_A05\libgatt_lib_ram.a(patch_ls_advertising_if.o)
                0x00001631                ___libgatt_lib_db_4563
 .text.___libgatt_lib_db_4565
                0x0000163f        0xa C:\CSR_uEnergy_SDK-2.3.0.31\tools\lib\CSR101x_A05\libgatt_lib_ram.a(patch_ls_l2cap_if.o)
                0x0000163f                ___libgatt_lib_db_4565
 .text.___libgatt_lib_db_4567
                0x00001649        0xe C:\CSR_uEnergy_SDK-2.3.0.31\tools\lib\CSR101x_A05\libgatt_lib_ram.a(patch_att_install.o)
                0x00001649                ___libgatt_lib_db_4567
 .text.patch_att_handle_execute_write_req
                0x00001657       0xfe C:\CSR_uEnergy_SDK-2.3.0.31\tools\lib\CSR101x_A05\libgatt_lib_ram.a(patch_att_install.o)
 .text.patch_att_handle_read_multi_req
                0x00001755       0xbb C:\CSR_uEnergy_SDK-2.3.0.31\tools\lib\CSR101x_A05\libgatt_lib_ram.a(patch_att_install.o)
 .text.___libgatt_lib_db_4615
                0x00001810       0x5a C:\CSR_uEnergy_SDK-2.3.0.31\tools\lib\CSR101x_A05\libgatt_lib_ram.a(patch_george_adv.o)
                0x00001810                ___libgatt_lib_db_4615
 .text.___libgatt_lib_db_4616
                0x0000186a       0x1b C:\CSR_uEnergy_SDK-2.3.0.31\tools\lib\CSR101x_A05\libgatt_lib_ram.a(patch_george_adv.o)
                0x0000186a                ___libgatt_lib_db_4616
 .text.___libgatt_lib_db_4652
                0x00001885       0x4e C:\CSR_uEnergy_SDK-2.3.0.31\tools\lib\CSR101x_A05\libgatt_lib_ram.a(patch_halradio.o)
                0x00001885                ___libgatt_lib_db_4652
 .text.___libgatt_lib_db_4654
                0x000018d3       0x24 C:\CSR_uEnergy_SDK-2.3.0.31\tools\lib\CSR101x_A05\libgatt_lib_ram.a(patch_timer.o)
                0x000018d3                ___libgatt_lib_db_4654
 .text.___libgatt_lib_db_4207
                0x000018f7        0xd C:\CSR_uEnergy_SDK-2.3.0.31\tools\lib\CSR101x_A05\libgatt_lib_ram.a(patch_reset.o)
                0x000018f7                ___libgatt_lib_db_4207
 .text.___libgatt_lib_db_4657
                0x00001904        0x5 C:\CSR_uEnergy_SDK-2.3.0.31\tools\lib\CSR101x_A05\libgatt_lib_ram.a(patch_pools.o)
                0x00001904                ___libgatt_lib_db_4657
 .text.___libgatt_lib_db_4660
                0x00001909        0xf C:\CSR_uEnergy_SDK-2.3.0.31\tools\lib\CSR101x_A05\libgatt_lib_ram.a(patch_background_loop.o)
                0x00001909                ___libgatt_lib_db_4660
 .text.___libgatt_lib_db_4662
                0x00001918        0x5 C:\CSR_uEnergy_SDK-2.3.0.31\tools\lib\CSR101x_A05\libgatt_lib_ram.a(patch_fault.o)
                0x00001918                ___libgatt_lib_db_4662
 .text.___libgatt_lib_db_4670
                0x0000191d       0x2e C:\CSR_uEnergy_SDK-2.3.0.31\tools\lib\CSR101x_A05\libgatt_lib_ram.a(patch_pmu.o)
                0x0000191d                ___libgatt_lib_db_4670
 .text.___libgatt_lib_db_4214
                0x0000194b       0xaa C:\CSR_uEnergy_SDK-2.3.0.31\tools\lib\CSR101x_A05\libgatt_lib_ram.a(patch_thermometer.o)
                0x0000194b                ___libgatt_lib_db_4214
 *(.apptext)
 *(.apptext.*)
 *xap2crte.o(.text)
 *xap2crte.o(.text.*)
                0x000019f5                PROG_APPCODE_END = .
                0x000039f5                DATA_CONST_START = (DATA_RAM_START + .)
                0x000039f5                . = DATA_CONST_START

.const
 *(CONST)
 *(CONST.*)
                0x000039f5                DATA_CONST_END = .
                0x000039f5                DATA_RODATA_START = .
                0x000039f6                . = (. + 0x1)

.rodata         0x000039f6       0x9c
 *(.rodata)
 .rodata        0x000039f6        0x2 depend_Debug_CSR101x_A05\gatt_access.o
 .rodata        0x000039f8       0x40 depend_Debug_CSR101x_A05\gatt_server.o
 *(.rodata.*)
 .rodata.SoundBuzzer
                0x00003a38        0x5 depend_Debug_CSR101x_A05\buzzer.o
 .rodata.C.5..2407.
                0x00003a3d        0x3 depend_Debug_CSR101x_A05\gatt_access.o
 .rodata.C.2..2744.
                0x00003a40        0x4 depend_Debug_CSR101x_A05\gatt_server.o
 .rodata.SetState
                0x00003a44        0x6 depend_Debug_CSR101x_A05\gatt_server.o
 .rodata.tx_power_table
                0x00003a4a       0x28 C:\CSR_uEnergy_SDK-2.3.0.31\tools\lib\CSR101x_A05\libgatt_lib_ram.a(patch_halradiotrim.o)
                0x00003a4a                ___libgatt_lib_db_4651
 .rodata.ram_build_identifier_integer
                0x00003a72        0x1 C:\CSR_uEnergy_SDK-2.3.0.31\tools\lib\CSR101x_A05\libgatt_lib_ram.a(id_ram.o)
                0x00003a72                ram_build_identifier_integer
 .rodata.ram_build_identifier_string
                0x00003a73       0x16 C:\CSR_uEnergy_SDK-2.3.0.31\tools\lib\CSR101x_A05\libgatt_lib_ram.a(id_ram.o)
                0x00003a73                ram_build_identifier_string
 .rodata.slut_extended
                0x00003a89        0x9 C:\CSR_uEnergy_SDK-2.3.0.31\tools\lib\CSR101x_A05\libgatt_lib_ram.a(slut.o)
                0x00003a89                ___libgatt_lib_db_4678
                0x00003a92                DATA_RODATA_END = .

.bss            0x00003a92       0xec
                0x00003a92                DATA_BSS_APP_START = .
 *(.bss)
 .bss           0x00003a92        0x8 C:\CSR_uEnergy_SDK-2.3.0.31\tools\lib\CSR101x_A05\libgatt_lib_ram.a(sm_pair_auth.o)
 .bss           0x00003a9a        0x2 C:\CSR_uEnergy_SDK-2.3.0.31\tools\lib\CSR101x_A05\libgatt_lib_ram.a(patch_sm.o)
 *(.bss.*)
 .bss.g_batt_data
                0x00003a9c        0x3 depend_Debug_CSR101x_A05\battery_service.o
 .bss.g_buzz_data
                0x00003a9f        0x3 depend_Debug_CSR101x_A05\buzzer.o
 .bss.g_gap_data
                0x00003aa2        0x3 depend_Debug_CSR101x_A05\gap_service.o
 .bss.g_dev_info_data
                0x00003aa5        0x8 depend_Debug_CSR101x_A05\dev_info_service.o
 .bss.g_gatt_data
                0x00003aad        0x2 depend_Debug_CSR101x_A05\gatt_access.o
 .bss.g_app_hw_data
                0x00003aaf        0x1 depend_Debug_CSR101x_A05\hw_access.o
 .bss.app_timers
                0x00003ab0       0x1e depend_Debug_CSR101x_A05\gatt_server.o
 .bss.g_app_data
                0x00003ace       0x20 depend_Debug_CSR101x_A05\gatt_server.o
 .bss.uart_rx_buffer
                0x00003aee       0x40 C:\CSR_uEnergy_SDK-2.3.0.31\tools\lib\CSR101x_A05\libgatt_lib_ram.a(debug.o)
 .bss.uart_tx_buffer
                0x00003b2e       0x40 C:\CSR_uEnergy_SDK-2.3.0.31\tools\lib\CSR101x_A05\libgatt_lib_ram.a(debug.o)
 .bss.patch_pending
                0x00003b6e        0x1 C:\CSR_uEnergy_SDK-2.3.0.31\tools\lib\CSR101x_A05\libgatt_lib_ram.a(patch_george.o)
                0x00003b6e                patch_pending
 .bss.patch_rx_timing_report
                0x00003b6f        0x1 C:\CSR_uEnergy_SDK-2.3.0.31\tools\lib\CSR101x_A05\libgatt_lib_ram.a(patch_george.o)
                0x00003b6f                patch_rx_timing_report
 .bss.patch_pending_mode
                0x00003b70        0x1 C:\CSR_uEnergy_SDK-2.3.0.31\tools\lib\CSR101x_A05\libgatt_lib_ram.a(patch_george.o)
                0x00003b70                patch_pending_mode
 .bss.patch_conn_chm_update
                0x00003b71        0x1 C:\CSR_uEnergy_SDK-2.3.0.31\tools\lib\CSR101x_A05\libgatt_lib_ram.a(patch_george.o)
                0x00003b71                patch_conn_chm_update
 .bss.__PATCH__ZERO_
                0x00003b72        0x1 C:\CSR_uEnergy_SDK-2.3.0.31\tools\lib\CSR101x_A05\libgatt_lib_ram.a(patch_george.o)
 .bss.tx_power_table_entry
                0x00003b73        0x1 C:\CSR_uEnergy_SDK-2.3.0.31\tools\lib\CSR101x_A05\libgatt_lib_ram.a(patch_halradiotrim.o)
 .bss.__PATCH__ZERO_
                0x00003b74        0x1 C:\CSR_uEnergy_SDK-2.3.0.31\tools\lib\CSR101x_A05\libgatt_lib_ram.a(patch_ls_advertising_if.o)
 .bss.__PATCH__ZERO_
                0x00003b75        0x1 C:\CSR_uEnergy_SDK-2.3.0.31\tools\lib\CSR101x_A05\libgatt_lib_ram.a(patch_timer.o)
 .bss.__PATCH__ZERO_
                0x00003b76        0x1 C:\CSR_uEnergy_SDK-2.3.0.31\tools\lib\CSR101x_A05\libgatt_lib_ram.a(patch_thermometer.o)
 COMMON         0x00003b77        0x1 C:\CSR_uEnergy_SDK-2.3.0.31\tools\lib\CSR101x_A05\libgatt_lib_ram.a(sm_pair_auth.o)
                0x00003b77                pairing_req_instance
 COMMON         0x00003b78        0x2 C:\CSR_uEnergy_SDK-2.3.0.31\tools\lib\CSR101x_A05\libgatt_lib_ram.a(patch_sm.o)
                0x00003b78                sm_long_term_key_ind
                0x00003b79                sm_pairing_auth_ind
 COMMON         0x00003b7a        0x1 C:\CSR_uEnergy_SDK-2.3.0.31\tools\lib\CSR101x_A05\libgatt_lib_ram.a(patch_george.o)
                0x00003b7a                enable_lowduty_directed_adv
 COMMON         0x00003b7b        0x3 C:\CSR_uEnergy_SDK-2.3.0.31\tools\lib\CSR101x_A05\libgatt_lib_ram.a(patch_george_ll.o)
                0x00003b7b                george_earliest_transmit_offset
                0x00003b7e                DATA_BSS_APP_END = .
                0x000000ec                BSS_APP_SIZE = (DATA_BSS_APP_END - DATA_BSS_APP_START)

.data           0x00003b7e       0xe4
                0x00003b7e                DATA_DATA_START = .
 *(.data)
 *(.data.*)
 .data.gattDatabase
                0x00003b7e       0x9c depend_Debug_CSR101x_A05\app_gatt_db.o
                0x00003b7e                gattDatabase
 .data.g_device_name
                0x00003c1a       0x16 depend_Debug_CSR101x_A05\gap_service.o
 .data.pending_pdu_acks
                0x00003c30        0x1 C:\CSR_uEnergy_SDK-2.3.0.31\tools\lib\CSR101x_A05\libgatt_lib_ram.a(patch_george_ll.o)
                0x00003c30                ___libgatt_lib_db_4611
 .data.patch_table_data
                0x00003c31       0x30 C:\CSR_uEnergy_SDK-2.3.0.31\tools\lib\CSR101x_A05\libgatt_lib_ram.a(sw_patch_ram.o)
                0x00003c31                ___libgatt_lib_db_4542
 .data.tgap_con_param_update
                0x00003c61        0x1 C:\CSR_uEnergy_SDK-2.3.0.31\tools\lib\CSR101x_A05\libgatt_lib_ram.a(patch_timer.o)
                0x00003c61                ___libgatt_lib_db_4656
                0x00003c62                DATA_DATA_END = .
                0x0000ef80                . = DATA_PERSIST_START

PERSIST_MEM
 *(PERSIST_MEM)
 *(PERSIST_MEM.*)
                0x0000ef80                DATA_PERSIST_MEM_END = .
                0x00009f84                . = DATA_CSTORE_START

CONFIG_STORE    0x00009f84       0x40
 *(CONFIG_STORE)
 CONFIG_STORE   0x00009f84       0x40 C:\CSR_uEnergy_SDK-2.3.0.31\tools\lib\CSR101x_A05\libgatt_lib_ram.a(CONFIG_STORE.o)
                0x00009f84                ___libgatt_lib_db_4269
 *(CONFIG_STORE.*)
                0x00009fc4                DATA_CSTORE_END = .
                0x00000040                CS_SIZE = (DATA_CSTORE_END - DATA_CSTORE_START)
                0x00009fdc                . = ((DATA_RAM_END - PRESERVE_SIZE) - SLT_SIZE)

SLT             0x00009fdc        0x4
                0x00009fdc                SLT_START = .
 *(SLT)
 SLT            0x00009fdc        0x4 C:\CSR_uEnergy_SDK-2.3.0.31\tools\lib\CSR101x_A05\libgatt_lib_ram.a(slut.o)
                0x00009fdc                slut
 *(SLT.*)

.preserved      0x00009fe0        0x0
                0x00009fe0                PRESERVED_START = .
 *(PRES_DATA)
 *(PRES_DATA.*)
                0x00009f84                STACK_END = DATA_CSTORE_START
                0x00009c84                . = ((STACK_END - ISTACK_SIZE) - USTACK_SIZE)

.stack          0x00009c84      0x300
                0x00009c84                STACK_START = .
                0x00009c84                USTACK_START = .
                0x00009e84                USTACK_END = (USTACK_START + USTACK_SIZE)
 *(USTACK)
 *(USTACK.*)
                0x00009e84                . = USTACK_END
 *fill*         0x00009c84      0x400 00
                0x00009e84                ISTACK_START = .
                0x00009f84                ISTACK_END = (ISTACK_START + ISTACK_SIZE)
 *(ISTACK)
 *(ISTACK.*)
                0x00009f84                . = ISTACK_END
 *fill*         0x00009e84      0x200 00
                0x00009c84                ALIGNED_DATA_END = STACK_START
                0x00009950                . = (((ALIGNED_DATA_END - RADIODATA_SIZE) - WHITELIST_SIZE) - RADIOBUFS_SIZE)

.aligned_data   0x00009950      0x334
                0x00009950                ALIGNED_DATA_START = .
                0x00009950                DATA_RADIOBUFS_START = .
 *(RADINITTBL)
                0x00009b00                . = (ALIGNED_DATA_START + RADIOBUFS_SIZE)
 *fill*         0x00009950      0x360 00
                0x00009b00                DATA_WHITELIST_START = .
                0x00009b20                . = (DATA_WHITELIST_START + WHITELIST_SIZE)
 *fill*         0x00009b00       0x40 00
 *(.romradiodata)
 .romradiodata  0x00009b20      0x164 C:\CSR_uEnergy_SDK-2.3.0.31\tools\lib\CSR101x_A05\libgatt_lib_ram.a(.romradiodata.o)
                0x00009b20                DATA_TIMERSTRUCT_START
                0x00009b80                ___libgatt_lib_db_4171
                0x00009b20                ___libgatt_lib_db_4173
                0x00009b80                DATA_RCLUTS_START
                0x00009c84                ALIGN_END_ACTUAL = .
                0x00000001                ASSERT ((DATA_APPDATA_END > DATA_DATA_END), RAM DATA exceeds limit.)
LOAD c:/csr_uenergy_sdk-2.3.0.31/tools/bin/../lib/gcc/xap-local-xap/4.3.4\libgcc.a
OUTPUT(depend_Debug_CSR101x_A05\gatt_server.elf elf32-xap2)

.debug_abbrev   0x00000000      0x62e
 .debug_abbrev  0x00000000       0x46 depend_Debug_CSR101x_A05\app_gatt_db.o
 .debug_abbrev  0x0000008b       0xdb depend_Debug_CSR101x_A05\battery_service.o
 .debug_abbrev  0x00000240       0x90 depend_Debug_CSR101x_A05\buzzer.o
 .debug_abbrev  0x0000035f       0xc7 depend_Debug_CSR101x_A05\gap_service.o
 .debug_abbrev  0x000004ec       0x5b depend_Debug_CSR101x_A05\nvm_access.o
 .debug_abbrev  0x000005a1       0xa7 depend_Debug_CSR101x_A05\dev_info_service.o
 .debug_abbrev  0x000006ef       0xc3 depend_Debug_CSR101x_A05\gatt_access.o
 .debug_abbrev  0x00000874       0x7c depend_Debug_CSR101x_A05\hw_access.o
 .debug_abbrev  0x0000096c       0xf7 depend_Debug_CSR101x_A05\gatt_server.o
 .debug_abbrev  0x00000b59       0x82 depend_Debug_CSR101x_A05\debug_interface.o

.debug_info     0x00000000     0x3c10
 .debug_info    0x00000000       0x5f depend_Debug_CSR101x_A05\app_gatt_db.o
 .debug_info    0x000000bd      0x6d8 depend_Debug_CSR101x_A05\battery_service.o
 .debug_info    0x00000e6c      0x162 depend_Debug_CSR101x_A05\buzzer.o
 .debug_info    0x0000112f      0x719 depend_Debug_CSR101x_A05\gap_service.o
 .debug_info    0x00001f61      0x201 depend_Debug_CSR101x_A05\nvm_access.o
 .debug_info    0x00002362      0x65f depend_Debug_CSR101x_A05\dev_info_service.o
 .debug_info    0x00003020      0x93e depend_Debug_CSR101x_A05\gatt_access.o
 .debug_info    0x0000429b      0x170 depend_Debug_CSR101x_A05\hw_access.o
 .debug_info    0x0000457a     0x1834 depend_Debug_CSR101x_A05\gatt_server.o
 .debug_info    0x000075e2      0x11f depend_Debug_CSR101x_A05\debug_interface.o

.debug_line     0x00000000     0x1207
 .debug_line    0x00000000       0x5c depend_Debug_CSR101x_A05\app_gatt_db.o
 .debug_line    0x000000b7      0x1b0 depend_Debug_CSR101x_A05\battery_service.o
 .debug_line    0x00000416      0x164 depend_Debug_CSR101x_A05\buzzer.o
 .debug_line    0x000006de      0x18f depend_Debug_CSR101x_A05\gap_service.o
 .debug_line    0x000009fb       0xa0 depend_Debug_CSR101x_A05\nvm_access.o
 .debug_line    0x00000b3b       0xe3 depend_Debug_CSR101x_A05\dev_info_service.o
 .debug_line    0x00000d01      0x26d depend_Debug_CSR101x_A05\gatt_access.o
 .debug_line    0x000011db      0x105 depend_Debug_CSR101x_A05\hw_access.o
 .debug_line    0x000013e5      0x71a depend_Debug_CSR101x_A05\gatt_server.o
 .debug_line    0x00002218       0xfb depend_Debug_CSR101x_A05\debug_interface.o

.debug_frame    0x00000000      0x42c
 .debug_frame   0x00000000       0x14 depend_Debug_CSR101x_A05\app_gatt_db.o
 .debug_frame   0x00000028       0x70 depend_Debug_CSR101x_A05\battery_service.o
 .debug_frame   0x00000108       0x40 depend_Debug_CSR101x_A05\buzzer.o
 .debug_frame   0x00000188       0x74 depend_Debug_CSR101x_A05\gap_service.o
 .debug_frame   0x00000270       0x2c depend_Debug_CSR101x_A05\nvm_access.o
 .debug_frame   0x000002c8       0x2c depend_Debug_CSR101x_A05\dev_info_service.o
 .debug_frame   0x00000320       0x7c depend_Debug_CSR101x_A05\gatt_access.o
 .debug_frame   0x00000418       0x44 depend_Debug_CSR101x_A05\hw_access.o
 .debug_frame   0x000004a0      0x198 depend_Debug_CSR101x_A05\gatt_server.o
 .debug_frame   0x000007d0       0x44 depend_Debug_CSR101x_A05\debug_interface.o

.debug_loc      0x00000000      0x4aa
 .debug_loc     0x00000000       0x10 depend_Debug_CSR101x_A05\app_gatt_db.o
 .debug_loc     0x0000001f       0x7c depend_Debug_CSR101x_A05\battery_service.o
 .debug_loc     0x00000117       0x3e depend_Debug_CSR101x_A05\buzzer.o
 .debug_loc     0x00000193       0x8c depend_Debug_CSR101x_A05\gap_service.o
 .debug_loc     0x000002aa       0x2f depend_Debug_CSR101x_A05\nvm_access.o
 .debug_loc     0x00000307       0x2f depend_Debug_CSR101x_A05\dev_info_service.o
 .debug_loc     0x00000364       0x8c depend_Debug_CSR101x_A05\gatt_access.o
 .debug_loc     0x0000047b       0x4e depend_Debug_CSR101x_A05\hw_access.o
 .debug_loc     0x00000516      0x1d1 depend_Debug_CSR101x_A05\gatt_server.o
 .debug_loc     0x000008b8       0x4e depend_Debug_CSR101x_A05\debug_interface.o

.debug_pubnames
                0x00000000      0x2b4
 .debug_pubnames
                0x00000000       0x1c depend_Debug_CSR101x_A05\app_gatt_db.o
 .debug_pubnames
                0x00000037       0x70 depend_Debug_CSR101x_A05\battery_service.o
 .debug_pubnames
                0x00000116       0x30 depend_Debug_CSR101x_A05\buzzer.o
 .debug_pubnames
                0x00000176       0x5a depend_Debug_CSR101x_A05\gap_service.o
 .debug_pubnames
                0x0000022a       0x1f depend_Debug_CSR101x_A05\nvm_access.o
 .debug_pubnames
                0x00000267       0x28 depend_Debug_CSR101x_A05\dev_info_service.o
 .debug_pubnames
                0x000002b7       0x6d depend_Debug_CSR101x_A05\gatt_access.o
 .debug_pubnames
                0x00000390       0x2e depend_Debug_CSR101x_A05\hw_access.o
 .debug_pubnames
                0x000003ec       0x8a depend_Debug_CSR101x_A05\gatt_server.o
 .debug_pubnames
                0x000004ff       0x34 depend_Debug_CSR101x_A05\debug_interface.o

.debug_aranges  0x00000000      0x1cc
 .debug_aranges
                0x00000000       0x10 depend_Debug_CSR101x_A05\app_gatt_db.o
 .debug_aranges
                0x00000020       0x30 depend_Debug_CSR101x_A05\battery_service.o
 .debug_aranges
                0x00000080       0x20 depend_Debug_CSR101x_A05\buzzer.o
 .debug_aranges
                0x000000c0       0x30 depend_Debug_CSR101x_A05\gap_service.o
 .debug_aranges
                0x00000120       0x18 depend_Debug_CSR101x_A05\nvm_access.o
 .debug_aranges
                0x00000150       0x18 depend_Debug_CSR101x_A05\dev_info_service.o
 .debug_aranges
                0x00000180       0x34 depend_Debug_CSR101x_A05\gatt_access.o
 .debug_aranges
                0x000001e8       0x20 depend_Debug_CSR101x_A05\hw_access.o
 .debug_aranges
                0x00000228       0x98 depend_Debug_CSR101x_A05\gatt_server.o
 .debug_aranges
                0x00000358       0x20 depend_Debug_CSR101x_A05\debug_interface.o

.debug_ranges   0x00000000      0x1a4
 .debug_ranges  0x00000000        0xc depend_Debug_CSR101x_A05\app_gatt_db.o
 .debug_ranges  0x00000018       0x2c depend_Debug_CSR101x_A05\battery_service.o
 .debug_ranges  0x00000070       0x1c depend_Debug_CSR101x_A05\buzzer.o
 .debug_ranges  0x000000a8       0x2c depend_Debug_CSR101x_A05\gap_service.o
 .debug_ranges  0x00000100       0x14 depend_Debug_CSR101x_A05\nvm_access.o
 .debug_ranges  0x00000128       0x14 depend_Debug_CSR101x_A05\dev_info_service.o
 .debug_ranges  0x00000150       0x30 depend_Debug_CSR101x_A05\gatt_access.o
 .debug_ranges  0x000001b0       0x1c depend_Debug_CSR101x_A05\hw_access.o
 .debug_ranges  0x000001e8       0x94 depend_Debug_CSR101x_A05\gatt_server.o
 .debug_ranges  0x00000310       0x1c depend_Debug_CSR101x_A05\debug_interface.o

.debug_str      0x00000000     0x2b15
 .debug_str     0x00000000       0x76 depend_Debug_CSR101x_A05\app_gatt_db.o
                                 0x82 (size before relaxing)
 .debug_str     0x000000eb     0x1340 depend_Debug_CSR101x_A05\battery_service.o
                               0x13d1 (size before relaxing)
 .debug_str     0x0000276b      0x250 depend_Debug_CSR101x_A05\buzzer.o
                                0x2c0 (size before relaxing)
 .debug_str     0x00002c0b       0xd0 depend_Debug_CSR101x_A05\gap_service.o
                               0x14b5 (size before relaxing)
 .debug_str     0x00002dab       0x88 depend_Debug_CSR101x_A05\nvm_access.o
                                0x5f1 (size before relaxing)
 .debug_str     0x00002ebb       0x54 depend_Debug_CSR101x_A05\dev_info_service.o
                               0x1340 (size before relaxing)
 .debug_str     0x00002f62      0x6f8 depend_Debug_CSR101x_A05\gatt_access.o
                               0x1a92 (size before relaxing)
 .debug_str     0x00003d52       0x87 depend_Debug_CSR101x_A05\hw_access.o
                                0x2e2 (size before relaxing)
 .debug_str     0x00003e5f      0xbac depend_Debug_CSR101x_A05\gatt_server.o
                               0x2300 (size before relaxing)
 .debug_str     0x000055b6       0x3a depend_Debug_CSR101x_A05\debug_interface.o
                                 0xc8 (size before relaxing)

.comment        0x00000000      0x45e
 .comment       0x00000000       0x1a depend_Debug_CSR101x_A05\app_gatt_db.o
 .comment       0x0000001a       0x1a depend_Debug_CSR101x_A05\battery_service.o
 .comment       0x00000034       0x1a depend_Debug_CSR101x_A05\buzzer.o
 .comment       0x0000004e       0x1a depend_Debug_CSR101x_A05\gap_service.o
 .comment       0x00000068       0x1a depend_Debug_CSR101x_A05\nvm_access.o
 .comment       0x00000082       0x1a depend_Debug_CSR101x_A05\dev_info_service.o
 .comment       0x0000009c       0x1a depend_Debug_CSR101x_A05\gatt_access.o
 .comment       0x000000b6       0x1a depend_Debug_CSR101x_A05\hw_access.o
 .comment       0x000000d0       0x1a depend_Debug_CSR101x_A05\gatt_server.o
 .comment       0x000000ea       0x1a depend_Debug_CSR101x_A05\debug_interface.o
 .comment       0x00000104       0x1a C:\CSR_uEnergy_SDK-2.3.0.31\tools\lib\CSR101x_A05\libgatt_lib_ram.a(ls_app_if_ram.o)
 .comment       0x0000011e       0x1a C:\CSR_uEnergy_SDK-2.3.0.31\tools\lib\CSR101x_A05\libgatt_lib_ram.a(gatt_ram.o)
 .comment       0x00000138       0x1a C:\CSR_uEnergy_SDK-2.3.0.31\tools\lib\CSR101x_A05\libgatt_lib_ram.a(patch_gatt.o)
 .comment       0x00000152       0x1a C:\CSR_uEnergy_SDK-2.3.0.31\tools\lib\CSR101x_A05\libgatt_lib_ram.a(sm_pair_auth.o)
 .comment       0x0000016c       0x1a C:\CSR_uEnergy_SDK-2.3.0.31\tools\lib\CSR101x_A05\libgatt_lib_ram.a(sm_ram.o)
 .comment       0x00000186       0x1a C:\CSR_uEnergy_SDK-2.3.0.31\tools\lib\CSR101x_A05\libgatt_lib_ram.a(sm_div.o)
 .comment       0x000001a0       0x1a C:\CSR_uEnergy_SDK-2.3.0.31\tools\lib\CSR101x_A05\libgatt_lib_ram.a(patch_sm.o)
 .comment       0x000001ba       0x1a C:\CSR_uEnergy_SDK-2.3.0.31\tools\lib\CSR101x_A05\libgatt_lib_ram.a(debug.o)
 .comment       0x000001d4       0x1a C:\CSR_uEnergy_SDK-2.3.0.31\tools\lib\CSR101x_A05\libgatt_lib_ram.a(patch_george.o)
 .comment       0x000001ee       0x1a C:\CSR_uEnergy_SDK-2.3.0.31\tools\lib\CSR101x_A05\libgatt_lib_ram.a(patch_george_ll.o)
 .comment       0x00000208       0x1a C:\CSR_uEnergy_SDK-2.3.0.31\tools\lib\CSR101x_A05\libgatt_lib_ram.a(patch_dbase.o)
 .comment       0x00000222       0x1a C:\CSR_uEnergy_SDK-2.3.0.31\tools\lib\CSR101x_A05\libgatt_lib_ram.a(hal_debugbus_state.o)
 .comment       0x0000023c       0x1a C:\CSR_uEnergy_SDK-2.3.0.31\tools\lib\CSR101x_A05\libgatt_lib_ram.a(patch_halradiotrim.o)
 .comment       0x00000256       0x1a C:\CSR_uEnergy_SDK-2.3.0.31\tools\lib\CSR101x_A05\libgatt_lib_ram.a(main_ram.o)
 .comment       0x00000270       0x1a C:\CSR_uEnergy_SDK-2.3.0.31\tools\lib\CSR101x_A05\libgatt_lib_ram.a(hw_patch_install.o)
 .comment       0x0000028a       0x1a C:\CSR_uEnergy_SDK-2.3.0.31\tools\lib\CSR101x_A05\libgatt_lib_ram.a(patch_i2c_app_mem_mgr.o)
 .comment       0x000002a4       0x1a C:\CSR_uEnergy_SDK-2.3.0.31\tools\lib\CSR101x_A05\libgatt_lib_ram.a(robs_pio_ram.o)
 .comment       0x000002be       0x1a C:\CSR_uEnergy_SDK-2.3.0.31\tools\lib\CSR101x_A05\libgatt_lib_ram.a(id_ram.o)
 .comment       0x000002d8       0x1a C:\CSR_uEnergy_SDK-2.3.0.31\tools\lib\CSR101x_A05\libgatt_lib_ram.a(slut.o)
 .comment       0x000002f2       0x1a C:\CSR_uEnergy_SDK-2.3.0.31\tools\lib\CSR101x_A05\libgatt_lib_ram.a(sw_patch_ram.o)
 .comment       0x0000030c       0x1a C:\CSR_uEnergy_SDK-2.3.0.31\tools\lib\CSR101x_A05\libgatt_lib_ram.a(patch_ls_app_if.o)
 .comment       0x00000326       0x1a C:\CSR_uEnergy_SDK-2.3.0.31\tools\lib\CSR101x_A05\libgatt_lib_ram.a(patch_ls_advertising_if.o)
 .comment       0x00000340       0x1a C:\CSR_uEnergy_SDK-2.3.0.31\tools\lib\CSR101x_A05\libgatt_lib_ram.a(patch_ls_l2cap_if.o)
 .comment       0x0000035a       0x1a C:\CSR_uEnergy_SDK-2.3.0.31\tools\lib\CSR101x_A05\libgatt_lib_ram.a(patch_att_install.o)
 .comment       0x00000374       0x1a C:\CSR_uEnergy_SDK-2.3.0.31\tools\lib\CSR101x_A05\libgatt_lib_ram.a(patch_george_adv.o)
 .comment       0x0000038e       0x1a C:\CSR_uEnergy_SDK-2.3.0.31\tools\lib\CSR101x_A05\libgatt_lib_ram.a(patch_halradio.o)
 .comment       0x000003a8       0x1a C:\CSR_uEnergy_SDK-2.3.0.31\tools\lib\CSR101x_A05\libgatt_lib_ram.a(patch_timer.o)
 .comment       0x000003c2       0x1a C:\CSR_uEnergy_SDK-2.3.0.31\tools\lib\CSR101x_A05\libgatt_lib_ram.a(patch_reset.o)
 .comment       0x000003dc       0x1a C:\CSR_uEnergy_SDK-2.3.0.31\tools\lib\CSR101x_A05\libgatt_lib_ram.a(patch_pools.o)
 .comment       0x000003f6       0x1a C:\CSR_uEnergy_SDK-2.3.0.31\tools\lib\CSR101x_A05\libgatt_lib_ram.a(patch_background_loop.o)
 .comment       0x00000410       0x1a C:\CSR_uEnergy_SDK-2.3.0.31\tools\lib\CSR101x_A05\libgatt_lib_ram.a(patch_fault.o)
 .comment       0x0000042a       0x1a C:\CSR_uEnergy_SDK-2.3.0.31\tools\lib\CSR101x_A05\libgatt_lib_ram.a(patch_pmu.o)
 .comment       0x00000444       0x1a C:\CSR_uEnergy_SDK-2.3.0.31\tools\lib\CSR101x_A05\libgatt_lib_ram.a(patch_thermometer.o)
